// Vitest Snapshot v1, https://vitest.dev/guide/snapshot.html

exports[`useAppSettings hook > Match snapshot 1`] = `
{
  "asFragment": [Function],
  "baseElement": <body>
    <div>
      <div>
        <p>
          App version: 
          0.0.0
        </p>
        <p
          id="lang-output"
        >
          Language: 
          en
        </p>
        <button
          class="lang-switch"
        >
          Change lang to Russian
        </button>
        <button
          class="lang-switch"
        >
          Change lang to English
        </button>
        <p
          id="check-preview"
        >
          false
        </p>
        <button
          id="checkbox-test"
        >
          <label
            class="_checkBoxLabel_05fc2d"
          >
            <input
              class="_boxInput_05fc2d"
              type="checkbox"
            />
            <span
              class="_mark_05fc2d"
            >
              <svg
                fill="none"
                viewBox="0 0 18 18"
                xmlns="http://www.w3.org/2000/svg"
              >
                <rect
                  height="15"
                  rx="2.5"
                  stroke="#737674"
                  width="15"
                  x="1.5"
                  y="1.5"
                />
                <rect
                  class="_active_05fc2d"
                  height="15"
                  rx="2.5"
                  stroke="#0066FF"
                  width="15"
                  x="1.5"
                  y="1.5"
                />
              </svg>
            </span>
          </label>
        </button>
      </div>
    </div>
  </body>,
  "container": <div>
    <div>
      <p>
        App version: 
        0.0.0
      </p>
      <p
        id="lang-output"
      >
        Language: 
        en
      </p>
      <button
        class="lang-switch"
      >
        Change lang to Russian
      </button>
      <button
        class="lang-switch"
      >
        Change lang to English
      </button>
      <p
        id="check-preview"
      >
        false
      </p>
      <button
        id="checkbox-test"
      >
        <label
          class="_checkBoxLabel_05fc2d"
        >
          <input
            class="_boxInput_05fc2d"
            type="checkbox"
          />
          <span
            class="_mark_05fc2d"
          >
            <svg
              fill="none"
              viewBox="0 0 18 18"
              xmlns="http://www.w3.org/2000/svg"
            >
              <rect
                height="15"
                rx="2.5"
                stroke="#737674"
                width="15"
                x="1.5"
                y="1.5"
              />
              <rect
                class="_active_05fc2d"
                height="15"
                rx="2.5"
                stroke="#0066FF"
                width="15"
                x="1.5"
                y="1.5"
              />
            </svg>
          </span>
        </label>
      </button>
    </div>
  </div>,
  "debug": [Function],
  "findAllByAltText": [Function],
  "findAllByDisplayValue": [Function],
  "findAllByLabelText": [Function],
  "findAllByPlaceholderText": [Function],
  "findAllByRole": [Function],
  "findAllByTestId": [Function],
  "findAllByText": [Function],
  "findAllByTitle": [Function],
  "findByAltText": [Function],
  "findByDisplayValue": [Function],
  "findByLabelText": [Function],
  "findByPlaceholderText": [Function],
  "findByRole": [Function],
  "findByTestId": [Function],
  "findByText": [Function],
  "findByTitle": [Function],
  "getAllByAltText": [Function],
  "getAllByDisplayValue": [Function],
  "getAllByLabelText": [Function],
  "getAllByPlaceholderText": [Function],
  "getAllByRole": [Function],
  "getAllByTestId": [Function],
  "getAllByText": [Function],
  "getAllByTitle": [Function],
  "getByAltText": [Function],
  "getByDisplayValue": [Function],
  "getByLabelText": [Function],
  "getByPlaceholderText": [Function],
  "getByRole": [Function],
  "getByTestId": [Function],
  "getByText": [Function],
  "getByTitle": [Function],
  "queryAllByAltText": [Function],
  "queryAllByDisplayValue": [Function],
  "queryAllByLabelText": [Function],
  "queryAllByPlaceholderText": [Function],
  "queryAllByRole": [Function],
  "queryAllByTestId": [Function],
  "queryAllByText": [Function],
  "queryAllByTitle": [Function],
  "queryByAltText": [Function],
  "queryByDisplayValue": [Function],
  "queryByLabelText": [Function],
  "queryByPlaceholderText": [Function],
  "queryByRole": [Function],
  "queryByTestId": [Function],
  "queryByText": [Function],
  "queryByTitle": [Function],
  "rerender": [Function],
  "unmount": [Function],
}
`;
